// Jest Snapshot v1, https://goo.gl/fbAQLP

exports[`Dashboard component renders the UI as expected 1`] = `
<div
  className="root"
>
  <header
    role="banner"
  >
    <h1>
      Community Dashboard
    </h1>
  </header>
  <ul
    className="root"
  >
    <a
      className="link"
      href="/tracks/1"
      onClick={[Function]}
    >
      <li
        className="root"
      >
        <h2>
          Silencio
        </h2>
        <p>
          <span
            className="date"
          >
            2029 Jan 22nd
          </span>
          <span
            className="time"
          >
            8:28 AM
          </span>
        </p>
      </li>
    </a>
    <a
      className="link"
      href="/tracks/2"
      onClick={[Function]}
    >
      <li
        className="root"
      >
        <h2>
          FullBlastoff
        </h2>
        <p>
          <span
            className="date"
          >
            2100 May 22nd
          </span>
          <span
            className="time"
          >
            9:28 AM
          </span>
        </p>
      </li>
    </a>
    <a
      className="link"
      href="/tracks/3"
      onClick={[Function]}
    >
      <li
        className="root"
      >
        <h2>
          Browser Noise
        </h2>
        <p>
          <span
            className="date"
          >
            1919 Dec 22nd
          </span>
          <span
            className="time"
          >
            8:28 AM
          </span>
        </p>
      </li>
    </a>
  </ul>
</div>
`;
